Microchip MPLAB XC8 Compiler V1.45 ()

Linker command line:

-W-3 --edf=C:\Program Files (x86)\Microchip\xc8\v1.45\dat\en_msgs.txt -cs \
  -h+dist/default/production\PWM_1.X.production.sym \
  --cmf=dist/default/production\PWM_1.X.production.cmf -z -Q16F887 \
  -oC:\Users\Jojo\AppData\Local\Temp\sfac.2 \
  -Mdist/default/production/PWM_1.X.production.map -E1 -ver=XC8 \
  -ASTACK=0110h-016fh -pstack=STACK -ACODE=00h-07FFhx4 -ASTRCODE=00h-01FFFh \
  -ASTRING=00h-0FFhx32 -ACONST=00h-0FFhx32 -AENTRY=00h-0FFhx32 \
  -ACOMMON=070h-07Fh -ABANK0=020h-06Fh -ABANK1=0A0h-0EFh \
  -ABANK2=0110h-016Fh -ABANK3=0190h-01EFh \
  -ARAM=020h-06Fh,0A0h-0EFh,0110h-016Fh,0190h-01EFh \
  -AABS1=020h-07Fh,0A0h-0EFh,0110h-016Fh,0190h-01EFh -ASFR0=00h-01Fh \
  -ASFR1=080h-09Fh -ASFR2=0100h-010Fh -ASFR3=0180h-018Fh \
  -preset_vec=00h,intentry,init,end_init -ppowerup=CODE -pcinit=CODE \
  -pfunctab=ENTRY -ACONFIG=02007h-02008h -pconfig=CONFIG -DCONFIG=2 \
  -AIDLOC=02000h-02003h -pidloc=IDLOC -DIDLOC=2 -AEEDATA=00h-0FFh/02100h \
  -peeprom_data=EEDATA -DEEDATA=2 -DCODE=2 -DSTRCODE=2 -DSTRING=2 -DCONST=2 \
  -DENTRY=2 -k C:\Users\Jojo\AppData\Local\Temp\sfac.obj \
  dist/default/production\PWM_1.X.production.obj 

Object code version is 3.11

Machine type is 16F887



                Name                               Link     Load   Length Selector   Space Scale
C:\Users\Jojo\AppData\Local\Temp\sfac.obj
                end_init                              0        0        3        0       0
                config                             2007     2007        2     400E       0
dist/default/production\PWM_1.X.production.obj
                cinit                               7FC      7FC        4      FF8       0
                text19                              506      506        C      A0C       0
                text18                              555      555       21      AAA       0
                text17                              4F0      4F0        B      9E0       0
                text16                              51E      51E       18      A3C       0
                text15                              576      576       22      AEC       0
                text14                              4FB      4FB        B      9F6       0
                text13                              512      512        C      A24       0
                text12                              6EE      6EE       7D      DDC       0
                text11                              626      626       2A      C4C       0
                text10                              5FE      5FE       28      BFC       0
                text9                               598      598       22      B30       0
                text8                               68C      68C       62      D18       0
                text7                               4DF      4DF        5      9BE       0
                text6                               4E9      4E9        7      9D2       0
                text5                               4E4      4E4        5      9C8       0
                text4                               5BA      5BA       22      B74       0
                text3                               5DC      5DC       22      BB8       0
                text2                               536      536       1F      A6C       0
                text1                               650      650       3C      CA0       0
                maintext                            76B      76B       91      ED6       0
                cstackBANK0                          20       20        9       20       1
                cstackCOMMON                         70       70        C       70       1
                strings                               3        3       11        6       0

TOTAL           Name                               Link     Load   Length     Space
        CLASS   STACK          

        CLASS   CODE           
                end_init                              0        0        3         0
                cinit                               7FC      7FC        4         0
                text19                              506      506        C         0
                text18                              555      555       21         0
                text17                              4F0      4F0        B         0
                text16                              51E      51E       18         0
                text15                              576      576       22         0
                text14                              4FB      4FB        B         0
                text13                              512      512        C         0
                text12                              6EE      6EE       7D         0
                text11                              626      626       2A         0
                text10                              5FE      5FE       28         0
                text9                               598      598       22         0
                text8                               68C      68C       62         0
                text7                               4DF      4DF        5         0
                text6                               4E9      4E9        7         0
                text5                               4E4      4E4        5         0
                text4                               5BA      5BA       22         0
                text3                               5DC      5DC       22         0
                text2                               536      536       1F         0
                text1                               650      650       3C         0
                maintext                            76B      76B       91         0

        CLASS   STRCODE        

        CLASS   STRING         
                strings                               3        3       11         0

        CLASS   CONST          

        CLASS   ENTRY          

        CLASS   COMMON         
                cstackCOMMON                         70       70        C         1

        CLASS   BANK0          
                cstackBANK0                          20       20        9         1

        CLASS   BANK1          

        CLASS   BANK2          

        CLASS   BANK3          

        CLASS   RAM            

        CLASS   ABS1           
                abs_s1                               7E       7E        2         1

        CLASS   SFR0           

        CLASS   SFR1           

        CLASS   SFR2           

        CLASS   SFR3           

        CLASS   CONFIG         
                config                             2007     2007        2         0

        CLASS   IDLOC          

        CLASS   EEDATA         



SEGMENTS        Name                           Load    Length   Top    Selector   Space  Class     Delta

                reset_vec                      000000  000003  000003         0       0  CODE        2
                strings                        000003  000011  000014         6       0  STRING      2
                cstackBANK0                    000020  000009  000029        20       1  BANK0       1
                cstackCOMMON                   000070  00000C  00007C        70       1  COMMON      1
                text7                          0004DF  000005  0004E4       9BE       0  CODE        2
                text5                          0004E4  000005  0004E9       9C8       0  CODE        2
                text6                          0004E9  000007  0004F0       9D2       0  CODE        2
                text17                         0004F0  00000B  0004FB       9E0       0  CODE        2
                text14                         0004FB  00000B  000506       9F6       0  CODE        2
                text19                         000506  00000C  000512       A0C       0  CODE        2
                text13                         000512  00000C  00051E       A24       0  CODE        2
                text16                         00051E  000018  000536       A3C       0  CODE        2
                text2                          000536  00001F  000555       A6C       0  CODE        2
                text18                         000555  000021  000576       AAA       0  CODE        2
                text15                         000576  000022  000598       AEC       0  CODE        2
                text9                          000598  000022  0005BA       B30       0  CODE        2
                text4                          0005BA  000022  0005DC       B74       0  CODE        2
                text3                          0005DC  000022  0005FE       BB8       0  CODE        2
                text10                         0005FE  000028  000626       BFC       0  CODE        2
                text11                         000626  00002A  000650       C4C       0  CODE        2
                text1                          000650  00003C  00068C       CA0       0  CODE        2
                text8                          00068C  000062  0006EE       D18       0  CODE        2
                text12                         0006EE  00007D  00076B       DDC       0  CODE        2
                maintext                       00076B  000091  0007FC       ED6       0  CODE        2
                cinit                          0007FC  000004  000800       FF8       0  CODE        2
                config                         002007  000002  002009      400E       0  CONFIG      2


UNUSED ADDRESS RANGES

        Name                Unused          Largest block    Delta
        BANK0            0029-006F             47           1
        BANK1            00A0-00EF             50           1
        BANK2            0110-016F             60           1
        BANK3            0190-01EF             60           1
        CODE             0014-04DE            4CB           2
                         0800-1FFF            800
        COMMON           007C-007D              2           1
        CONST            0014-04DE            100           2
                         0800-1FFF            100
        EEDATA           2100-21FF            100           2
        ENTRY            0014-04DE            100           2
                         0800-1FFF            100
        IDLOC            2000-2003              4           2
        RAM              0029-006F             47           1
                         00A0-00EF             50
                         0110-016F             60
                         0190-01EF             60
        SFR0             0000-001F             20           1
        SFR1             0080-009F             20           1
        SFR2             0100-010F             10           1
        SFR3             0180-018F             10           1
        STACK            0110-016F             60           1
        STRCODE          0014-04DE            4CB           2
                         0800-1FFF           1800
        STRING           0014-04DE            100           2
                         0800-1FFF            100

                                  Symbol Table

?_ADC_Conv                    cstackCOMMON 0070
Lcd_SP_Cmd@cmd                cstackCOMMON 0074
Lcd_SP_Set_Cursor@colonna     cstackCOMMON 0075
Lcd_SP_Set_Cursor@pos         cstackCOMMON 007A
Lcd_SP_Set_Cursor@riga        cstackCOMMON 007B
Lcd_SP_Write_Char@caratt      cstackCOMMON 0074
Lcd_SP_Write_String@b         cstackCOMMON 0077
Lcd_SP_Write_String@i         cstackCOMMON 0075
Lcd_SP_Write_Val@cent         cstackCOMMON 007A
Lcd_SP_Write_Val@dec          cstackCOMMON 0079
Lcd_SP_Write_Val@uni          cstackCOMMON 0078
Lcd_SP_Write_Val@val          cstackCOMMON 0075
Lcd_SP_port@reg               cstackCOMMON 0072
Lcd_SP_port@val               cstackCOMMON 0071
PWM1_Duty@duty1               cstackCOMMON 0070
PWM2_Duty@duty2               cstackCOMMON 0070
PWM_Duty@duty1                cstackCOMMON 0074
PWM_Duty@duty2                cstackCOMMON 0076
PWM_Init@prescTMR2            cstackCOMMON 0078
_ADCON0                       (abs)        001F
_ADCON0bits                   (abs)        001F
_ADCON1                       (abs)        009F
_ADC_Conv                     text19       0506
_ADC_Init                     text18       0555
_ADRESH                       (abs)        001E
_ADRESL                       (abs)        009E
_ANSEL                        (abs)        0188
_ANSELH                       (abs)        0189
_CCP1CON                      (abs)        0017
_CCP1CONbits                  (abs)        0017
_CCP2CON                      (abs)        001D
_CCP2CONbits                  (abs)        001D
_CCPR1L                       (abs)        0015
_CCPR2L                       (abs)        001B
_Lcd_SP_Clear                 text14       04FB
_Lcd_SP_Cmd                   text15       0576
_Lcd_SP_Init                  text12       06EE
_Lcd_SP_Set_Cursor            text11       0626
_Lcd_SP_Set_Cursor$409        cstackCOMMON 0078
_Lcd_SP_Write_Char            text10       05FE
_Lcd_SP_Write_String          text9        0598
_Lcd_SP_Write_Val             text8        068C
_Lcd_SP_port                  text16       051E
_PORTA                        (abs)        0005
_PORTAbits                    (abs)        0005
_PORTB                        (abs)        0006
_PORTC                        (abs)        0007
_PORTD                        (abs)        0008
_PORTE                        (abs)        0009
_PR2                          (abs)        0092
_PWM1_Duty                    text4        05BA
_PWM1_on                      text6        04E9
_PWM2_Duty                    text3        05DC
_PWM2_off                     text7        04DF
_PWM2_on                      text5        04E4
_PWM_Duty                     text2        0536
_PWM_Init                     text1        0650
_RA2                          (abs)        002A
_RB5                          (abs)        0035
_SPI_Init                     text13       0512
_SSPBUF                       (abs)        0013
_SSPCON                       (abs)        0014
_SSPCON2                      (abs)        0091
_SSPCONbits                   (abs)        0014
_SSPSTAT                      (abs)        0094
_SSPSTATbits                  (abs)        0094
_T2CONbits                    (abs)        0012
_TRISA                        (abs)        0085
_TRISB                        (abs)        0086
_TRISC                        (abs)        0087
_TRISD                        (abs)        0088
_TRISE                        (abs)        0089
__CFG_BOR4V$BOR40V            (abs)        0000
__CFG_BOREN$OFF               (abs)        0000
__CFG_CP$OFF                  (abs)        0000
__CFG_CPD$OFF                 (abs)        0000
__CFG_FCMEN$OFF               (abs)        0000
__CFG_FOSC$XT                 (abs)        0000
__CFG_IESO$OFF                (abs)        0000
__CFG_LVP$OFF                 (abs)        0000
__CFG_MCLRE$ON                (abs)        0000
__CFG_PWRTE$OFF               (abs)        0000
__CFG_WDTE$OFF                (abs)        0000
__CFG_WRT$OFF                 (abs)        0000
__Habs1                       abs1         0000
__Hbank0                      bank0        0000
__Hbank1                      bank1        0000
__Hbank2                      bank2        0000
__Hbank3                      bank3        0000
__Hcinit                      cinit        0800
__Hclrtext                    clrtext      0000
__Hcode                       code         0000
__Hcommon                     common       0000
__Hconfig                     config       2009
__HcstackBANK0                cstackBANK0  0000
__HcstackCOMMON               cstackCOMMON 0000
__Heeprom_data                eeprom_data  0000
__Hend_init                   end_init     0003
__Hfunctab                    functab      0000
__Hidloc                      idloc        0000
__Hinit                       init         0000
__Hintentry                   intentry     0000
__Hmaintext                   maintext     0000
__Hpowerup                    powerup      0000
__Hram                        ram          0000
__Hreset_vec                  reset_vec    0000
__Hsfr0                       sfr0         0000
__Hsfr1                       sfr1         0000
__Hsfr2                       sfr2         0000
__Hsfr3                       sfr3         0000
__Hspace_0                    (abs)        2009
__Hspace_1                    (abs)        007C
__Hspace_2                    (abs)        0000
__Hspace_3                    (abs)        0000
__Hstack                      stack        0000
__Hstrings                    strings      0000
__Htext                       text         0000
__Labs1                       abs1         0000
__Lbank0                      bank0        0000
__Lbank1                      bank1        0000
__Lbank2                      bank2        0000
__Lbank3                      bank3        0000
__Lcinit                      cinit        07FC
__Lclrtext                    clrtext      0000
__Lcode                       code         0000
__Lcommon                     common       0000
__Lconfig                     config       2007
__LcstackBANK0                cstackBANK0  0000
__LcstackCOMMON               cstackCOMMON 0000
__Leeprom_data                eeprom_data  0000
__Lend_init                   end_init     0000
__Lfunctab                    functab      0000
__Lidloc                      idloc        0000
__Linit                       init         0000
__Lintentry                   intentry     0000
__Lmaintext                   maintext     0000
__Lpowerup                    powerup      0000
__Lram                        ram          0000
__Lreset_vec                  reset_vec    0000
__Lsfr0                       sfr0         0000
__Lsfr1                       sfr1         0000
__Lsfr2                       sfr2         0000
__Lsfr3                       sfr3         0000
__Lspace_0                    (abs)        0000
__Lspace_1                    (abs)        0000
__Lspace_2                    (abs)        0000
__Lspace_3                    (abs)        0000
__Lstack                      stack        0000
__Lstrings                    strings      0000
__Ltext                       text         0000
__S0                          (abs)        2009
__S1                          (abs)        007C
__S2                          (abs)        0000
__S3                          (abs)        0000
___int_sp                     stack        0000
___latbits                    (abs)        0002
___sp                         stack        0000
__end_of_ADC_Conv             text19       0512
__end_of_ADC_Init             text18       0576
__end_of_Lcd_SP_Clear         text14       0506
__end_of_Lcd_SP_Cmd           text15       0598
__end_of_Lcd_SP_Init          text12       076B
__end_of_Lcd_SP_Set_Cursor    text11       0650
__end_of_Lcd_SP_Write_Char    text10       0626
__end_of_Lcd_SP_Write_String  text9        05BA
__end_of_Lcd_SP_Write_Val     text8        06EE
__end_of_Lcd_SP_port          text16       0536
__end_of_PWM1_Duty            text4        05DC
__end_of_PWM1_on              text6        04F0
__end_of_PWM2_Duty            text3        05FE
__end_of_PWM2_off             text7        04E4
__end_of_PWM2_on              text5        04E9
__end_of_PWM_Duty             text2        0555
__end_of_PWM_Init             text1        068C
__end_of_SPI_Init             text13       051E
__end_of__initialization      cinit        07FC
__end_of__stringtab           strings      0009
__end_of_main                 maintext     07FC
__end_of_spi_port             text17       04FB
__initialization              cinit        07FC
__pcstackBANK0                cstackBANK0  0020
__pcstackCOMMON               cstackCOMMON 0070
__pmaintext                   maintext     076B
__pstrings                    strings      0003
__ptext1                      text1        0650
__ptext10                     text10       05FE
__ptext11                     text11       0626
__ptext12                     text12       06EE
__ptext13                     text13       0512
__ptext14                     text14       04FB
__ptext15                     text15       0576
__ptext16                     text16       051E
__ptext17                     text17       04F0
__ptext18                     text18       0555
__ptext19                     text19       0506
__ptext2                      text2        0536
__ptext3                      text3        05DC
__ptext4                      text4        05BA
__ptext5                      text5        04E4
__ptext6                      text6        04E9
__ptext7                      text7        04DF
__ptext8                      text8        068C
__ptext9                      text9        0598
__size_of_ADC_Conv            (abs)        0000
__size_of_ADC_Init            (abs)        0000
__size_of_Lcd_SP_Clear        (abs)        0000
__size_of_Lcd_SP_Cmd          (abs)        0000
__size_of_Lcd_SP_Init         (abs)        0000
__size_of_Lcd_SP_Set_Cursor   (abs)        0000
__size_of_Lcd_SP_Write_Char   (abs)        0000
__size_of_Lcd_SP_Write_String (abs)        0000
__size_of_Lcd_SP_Write_Val    (abs)        0000
__size_of_Lcd_SP_port         (abs)        0000
__size_of_PWM1_Duty           (abs)        0000
__size_of_PWM1_on             (abs)        0000
__size_of_PWM2_Duty           (abs)        0000
__size_of_PWM2_off            (abs)        0000
__size_of_PWM2_on             (abs)        0000
__size_of_PWM_Duty            (abs)        0000
__size_of_PWM_Init            (abs)        0000
__size_of_SPI_Init            (abs)        0000
__size_of_main                (abs)        0000
__size_of_spi_port            (abs)        0000
__stringbase                  strings      0008
__stringtab                   strings      0003
_main                         maintext     076B
_spi_port                     text17       04F0
btemp                         (abs)        007E
end_of_initialization         cinit        07FC
intlevel0                     functab      0000
intlevel1                     functab      0000
intlevel2                     functab      0000
intlevel3                     functab      0000
intlevel4                     functab      0000
intlevel5                     functab      0000
main@i                        cstackBANK0  0023
main@j                        cstackBANK0  0025
main@val                      cstackBANK0  0027
reset_vec                     reset_vec    0000
spi_port@dato                 cstackCOMMON 0070
stackhi                       (abs)        0000
stacklo                       (abs)        0000
start                         init         0000
start_initialization          cinit        07FC
wtemp0                        (abs)        007E


FUNCTION INFORMATION:

 *************** function _main *****************
 Defined at:
		line 27 in file "main.c"
 Parameters:    Size  Location     Type
		None
 Auto vars:     Size  Location     Type
  val             2    7[BANK0 ] unsigned int 
  j               2    5[BANK0 ] unsigned int 
  i               2    3[BANK0 ] unsigned int 
 Return value:  Size  Location     Type
                  1    wreg      void 
 Registers used:
		wreg, fsr0l, fsr0h, status,2, status,0, btemp+1, pclath, cstack
 Tracked objects:
		On entry : 
		On exit  : 
		Unchanged: 
 Data sizes:     COMMON   BANK0   BANK1   BANK3   BANK2
      Params:         0       0       0       0       0
      Locals:         0       6       0       0       0
      Temps:          0       3       0       0       0
      Totals:         0       9       0       0       0
Total ram usage:        9 bytes
 Hardware stack levels required when called:    4
 This function calls:
		_ADC_Conv
		_ADC_Init
		_Lcd_SP_Clear
		_Lcd_SP_Init
		_Lcd_SP_Set_Cursor
		_Lcd_SP_Write_String
		_Lcd_SP_Write_Val
		_PWM1_Duty
		_PWM2_off
		_PWM_Init
 This function is called by:
		Startup code after reset
 This function uses a non-reentrant model


 *************** function _PWM_Init *****************
 Defined at:
		line 54 in file "PWM_1.h"
 Parameters:    Size  Location     Type
  prescTMR2       2    8[COMMON] int 
 Auto vars:     Size  Location     Type
		None
 Return value:  Size  Location     Type
                  1    wreg      void 
 Registers used:
		wreg, status,2, status,0, pclath, cstack
 Tracked objects:
		On entry : 
		On exit  : 
		Unchanged: 
 Data sizes:     COMMON   BANK0   BANK1   BANK3   BANK2
      Params:         2       0       0       0       0
      Locals:         0       0       0       0       0
      Temps:          0       0       0       0       0
      Totals:         2       0       0       0       0
Total ram usage:        2 bytes
 Hardware stack levels used:    1
 Hardware stack levels required when called:    2
 This function calls:
		_PWM1_on
		_PWM2_on
		_PWM_Duty
 This function is called by:
		_main
 This function uses a non-reentrant model


 *************** function _PWM_Duty *****************
 Defined at:
		line 22 in file "PWM_1.h"
 Parameters:    Size  Location     Type
  duty1           2    4[COMMON] unsigned int 
  duty2           2    6[COMMON] unsigned int 
 Auto vars:     Size  Location     Type
		None
 Return value:  Size  Location     Type
                  1    wreg      void 
 Registers used:
		wreg, status,2, status,0, pclath, cstack
 Tracked objects:
		On entry : 
		On exit  : 
		Unchanged: 
 Data sizes:     COMMON   BANK0   BANK1   BANK3   BANK2
      Params:         4       0       0       0       0
      Locals:         0       0       0       0       0
      Temps:          0       0       0       0       0
      Totals:         4       0       0       0       0
Total ram usage:        4 bytes
 Hardware stack levels used:    1
 Hardware stack levels required when called:    1
 This function calls:
		_PWM1_Duty
		_PWM2_Duty
 This function is called by:
		_PWM_Init
 This function uses a non-reentrant model


 *************** function _PWM2_Duty *****************
 Defined at:
		line 12 in file "PWM_1.h"
 Parameters:    Size  Location     Type
  duty2           2    0[COMMON] unsigned int 
 Auto vars:     Size  Location     Type
		None
 Return value:  Size  Location     Type
                  1    wreg      void 
 Registers used:
		wreg, status,2, status,0
 Tracked objects:
		On entry : 
		On exit  : 
		Unchanged: 
 Data sizes:     COMMON   BANK0   BANK1   BANK3   BANK2
      Params:         2       0       0       0       0
      Locals:         0       0       0       0       0
      Temps:          2       0       0       0       0
      Totals:         4       0       0       0       0
Total ram usage:        4 bytes
 Hardware stack levels used:    1
 This function calls:
		Nothing
 This function is called by:
		_PWM_Duty
 This function uses a non-reentrant model


 *************** function _PWM1_Duty *****************
 Defined at:
		line 7 in file "PWM_1.h"
 Parameters:    Size  Location     Type
  duty1           2    0[COMMON] unsigned int 
 Auto vars:     Size  Location     Type
		None
 Return value:  Size  Location     Type
                  1    wreg      void 
 Registers used:
		wreg, status,2, status,0
 Tracked objects:
		On entry : 
		On exit  : 
		Unchanged: 
 Data sizes:     COMMON   BANK0   BANK1   BANK3   BANK2
      Params:         2       0       0       0       0
      Locals:         0       0       0       0       0
      Temps:          2       0       0       0       0
      Totals:         4       0       0       0       0
Total ram usage:        4 bytes
 Hardware stack levels used:    1
 This function calls:
		Nothing
 This function is called by:
		_PWM_Duty
		_main
 This function uses a non-reentrant model


 *************** function _PWM2_on *****************
 Defined at:
		line 42 in file "PWM_1.h"
 Parameters:    Size  Location     Type
		None
 Auto vars:     Size  Location     Type
		None
 Return value:  Size  Location     Type
                  1    wreg      void 
 Registers used:
		None
 Tracked objects:
		On entry : 
		On exit  : 
		Unchanged: 
 Data sizes:     COMMON   BANK0   BANK1   BANK3   BANK2
      Params:         0       0       0       0       0
      Locals:         0       0       0       0       0
      Temps:          0       0       0       0       0
      Totals:         0       0       0       0       0
Total ram usage:        0 bytes
 Hardware stack levels used:    1
 This function calls:
		Nothing
 This function is called by:
		_PWM_Init
 This function uses a non-reentrant model


 *************** function _PWM1_on *****************
 Defined at:
		line 27 in file "PWM_1.h"
 Parameters:    Size  Location     Type
		None
 Auto vars:     Size  Location     Type
		None
 Return value:  Size  Location     Type
                  1    wreg      void 
 Registers used:
		None
 Tracked objects:
		On entry : 
		On exit  : 
		Unchanged: 
 Data sizes:     COMMON   BANK0   BANK1   BANK3   BANK2
      Params:         0       0       0       0       0
      Locals:         0       0       0       0       0
      Temps:          0       0       0       0       0
      Totals:         0       0       0       0       0
Total ram usage:        0 bytes
 Hardware stack levels used:    1
 This function calls:
		Nothing
 This function is called by:
		_PWM_Init
 This function uses a non-reentrant model


 *************** function _PWM2_off *****************
 Defined at:
		line 48 in file "PWM_1.h"
 Parameters:    Size  Location     Type
		None
 Auto vars:     Size  Location     Type
		None
 Return value:  Size  Location     Type
                  1    wreg      void 
 Registers used:
		None
 Tracked objects:
		On entry : 
		On exit  : 
		Unchanged: 
 Data sizes:     COMMON   BANK0   BANK1   BANK3   BANK2
      Params:         0       0       0       0       0
      Locals:         0       0       0       0       0
      Temps:          0       0       0       0       0
      Totals:         0       0       0       0       0
Total ram usage:        0 bytes
 Hardware stack levels used:    1
 This function calls:
		Nothing
 This function is called by:
		_main
 This function uses a non-reentrant model


 *************** function _Lcd_SP_Write_Val *****************
 Defined at:
		line 151 in file "LCD_SP.h"
 Parameters:    Size  Location     Type
  val             2    5[COMMON] int 
 Auto vars:     Size  Location     Type
  cent            1   10[COMMON] unsigned char 
  dec             1    9[COMMON] unsigned char 
  uni             1    8[COMMON] unsigned char 
 Return value:  Size  Location     Type
                  1    wreg      void 
 Registers used:
		wreg, status,2, status,0, btemp+1, pclath, cstack
 Tracked objects:
		On entry : 
		On exit  : 
		Unchanged: 
 Data sizes:     COMMON   BANK0   BANK1   BANK3   BANK2
      Params:         2       0       0       0       0
      Locals:         3       0       0       0       0
      Temps:          1       0       0       0       0
      Totals:         6       0       0       0       0
Total ram usage:        6 bytes
 Hardware stack levels used:    1
 Hardware stack levels required when called:    3
 This function calls:
		_Lcd_SP_Write_Char
 This function is called by:
		_main
 This function uses a non-reentrant model


 *************** function _Lcd_SP_Write_String *****************
 Defined at:
		line 116 in file "LCD_SP.h"
 Parameters:    Size  Location     Type
  b               1    wreg     PTR unsigned char 
		 -> STR_2(9), STR_1(2), 
 Auto vars:     Size  Location     Type
  b               1    7[COMMON] PTR unsigned char 
		 -> STR_2(9), STR_1(2), 
  i               2    5[COMMON] int 
 Return value:  Size  Location     Type
                  1    wreg      void 
 Registers used:
		wreg, fsr0l, fsr0h, status,2, status,0, pclath, cstack
 Tracked objects:
		On entry : 
		On exit  : 
		Unchanged: 
 Data sizes:     COMMON   BANK0   BANK1   BANK3   BANK2
      Params:         0       0       0       0       0
      Locals:         3       0       0       0       0
      Temps:          0       0       0       0       0
      Totals:         3       0       0       0       0
Total ram usage:        3 bytes
 Hardware stack levels used:    1
 Hardware stack levels required when called:    3
 This function calls:
		_Lcd_SP_Write_Char
 This function is called by:
		_main
		_Lcd_SP_Write_Volt
 This function uses a non-reentrant model


 *************** function _Lcd_SP_Write_Char *****************
 Defined at:
		line 107 in file "LCD_SP.h"
 Parameters:    Size  Location     Type
  caratt          1    wreg     unsigned char 
 Auto vars:     Size  Location     Type
  caratt          1    4[COMMON] unsigned char 
 Return value:  Size  Location     Type
                  1    wreg      void 
 Registers used:
		wreg, status,2, status,0, pclath, cstack
 Tracked objects:
		On entry : 
		On exit  : 
		Unchanged: 
 Data sizes:     COMMON   BANK0   BANK1   BANK3   BANK2
      Params:         0       0       0       0       0
      Locals:         1       0       0       0       0
      Temps:          1       0       0       0       0
      Totals:         2       0       0       0       0
Total ram usage:        2 bytes
 Hardware stack levels used:    1
 Hardware stack levels required when called:    2
 This function calls:
		_Lcd_SP_port
 This function is called by:
		_Lcd_SP_Write_String
		_Lcd_SP_Write_Val
		_Lcd_SP_Write_Num
		_Lcd_SP_Write_Volt
 This function uses a non-reentrant model


 *************** function _Lcd_SP_Set_Cursor *****************
 Defined at:
		line 66 in file "LCD_SP.h"
 Parameters:    Size  Location     Type
  riga            1    wreg     unsigned char 
  colonna         1    5[COMMON] unsigned char 
 Auto vars:     Size  Location     Type
  riga            1   11[COMMON] unsigned char 
  pos             1   10[COMMON] unsigned char 
 Return value:  Size  Location     Type
                  1    wreg      void 
 Registers used:
		wreg, status,2, status,0, pclath, cstack
 Tracked objects:
		On entry : 
		On exit  : 
		Unchanged: 
 Data sizes:     COMMON   BANK0   BANK1   BANK3   BANK2
      Params:         1       0       0       0       0
      Locals:         4       0       0       0       0
      Temps:          2       0       0       0       0
      Totals:         7       0       0       0       0
Total ram usage:        7 bytes
 Hardware stack levels used:    1
 Hardware stack levels required when called:    3
 This function calls:
		_Lcd_SP_Cmd
 This function is called by:
		_main
 This function uses a non-reentrant model


 *************** function _Lcd_SP_Init *****************
 Defined at:
		line 78 in file "LCD_SP.h"
 Parameters:    Size  Location     Type
		None
 Auto vars:     Size  Location     Type
		None
 Return value:  Size  Location     Type
                  1    wreg      void 
 Registers used:
		wreg, status,2, status,0, pclath, cstack
 Tracked objects:
		On entry : 
		On exit  : 
		Unchanged: 
 Data sizes:     COMMON   BANK0   BANK1   BANK3   BANK2
      Params:         0       0       0       0       0
      Locals:         0       0       0       0       0
      Temps:          3       0       0       0       0
      Totals:         3       0       0       0       0
Total ram usage:        3 bytes
 Hardware stack levels used:    1
 Hardware stack levels required when called:    3
 This function calls:
		_Lcd_SP_Cmd
		_Lcd_SP_port
		_SPI_Init
 This function is called by:
		_main
 This function uses a non-reentrant model


 *************** function _SPI_Init *****************
 Defined at:
		line 13 in file "LCD_SP.h"
 Parameters:    Size  Location     Type
		None
 Auto vars:     Size  Location     Type
		None
 Return value:  Size  Location     Type
                  1    wreg      void 
 Registers used:
		wreg, status,2
 Tracked objects:
		On entry : 
		On exit  : 
		Unchanged: 
 Data sizes:     COMMON   BANK0   BANK1   BANK3   BANK2
      Params:         0       0       0       0       0
      Locals:         0       0       0       0       0
      Temps:          0       0       0       0       0
      Totals:         0       0       0       0       0
Total ram usage:        0 bytes
 Hardware stack levels used:    1
 This function calls:
		Nothing
 This function is called by:
		_Lcd_SP_Init
 This function uses a non-reentrant model


 *************** function _Lcd_SP_Clear *****************
 Defined at:
		line 60 in file "LCD_SP.h"
 Parameters:    Size  Location     Type
		None
 Auto vars:     Size  Location     Type
		None
 Return value:  Size  Location     Type
                  1    wreg      void 
 Registers used:
		wreg, status,2, status,0, pclath, cstack
 Tracked objects:
		On entry : 
		On exit  : 
		Unchanged: 
 Data sizes:     COMMON   BANK0   BANK1   BANK3   BANK2
      Params:         0       0       0       0       0
      Locals:         0       0       0       0       0
      Temps:          0       0       0       0       0
      Totals:         0       0       0       0       0
Total ram usage:        0 bytes
 Hardware stack levels used:    1
 Hardware stack levels required when called:    3
 This function calls:
		_Lcd_SP_Cmd
 This function is called by:
		_main
 This function uses a non-reentrant model


 *************** function _Lcd_SP_Cmd *****************
 Defined at:
		line 49 in file "LCD_SP.h"
 Parameters:    Size  Location     Type
  cmd             1    wreg     unsigned char 
 Auto vars:     Size  Location     Type
  cmd             1    4[COMMON] unsigned char 
 Return value:  Size  Location     Type
                  1    wreg      void 
 Registers used:
		wreg, status,2, status,0, pclath, cstack
 Tracked objects:
		On entry : 
		On exit  : 
		Unchanged: 
 Data sizes:     COMMON   BANK0   BANK1   BANK3   BANK2
      Params:         0       0       0       0       0
      Locals:         1       0       0       0       0
      Temps:          1       0       0       0       0
      Totals:         2       0       0       0       0
Total ram usage:        2 bytes
 Hardware stack levels used:    1
 Hardware stack levels required when called:    2
 This function calls:
		_Lcd_SP_port
 This function is called by:
		_Lcd_SP_Clear
		_Lcd_SP_Set_Cursor
		_Lcd_SP_Init
		_Lcd_SP_Shift_Right
		_Lcd_SP_Shift_Left
 This function uses a non-reentrant model


 *************** function _Lcd_SP_port *****************
 Defined at:
		line 37 in file "LCD_SP.h"
 Parameters:    Size  Location     Type
  reg             1    wreg     unsigned char 
  val             1    1[COMMON] unsigned char 
 Auto vars:     Size  Location     Type
  reg             1    2[COMMON] unsigned char 
 Return value:  Size  Location     Type
                  1    wreg      void 
 Registers used:
		wreg, status,2, status,0, pclath, cstack
 Tracked objects:
		On entry : 
		On exit  : 
		Unchanged: 
 Data sizes:     COMMON   BANK0   BANK1   BANK3   BANK2
      Params:         1       0       0       0       0
      Locals:         1       0       0       0       0
      Temps:          0       0       0       0       0
      Totals:         2       0       0       0       0
Total ram usage:        2 bytes
 Hardware stack levels used:    1
 Hardware stack levels required when called:    1
 This function calls:
		_spi_port
 This function is called by:
		_Lcd_SP_Cmd
		_Lcd_SP_Init
		_Lcd_SP_Write_Char
 This function uses a non-reentrant model


 *************** function _spi_port *****************
 Defined at:
		line 26 in file "LCD_SP.h"
 Parameters:    Size  Location     Type
  dato            1    wreg     unsigned char 
 Auto vars:     Size  Location     Type
  dato            1    0[COMMON] unsigned char 
 Return value:  Size  Location     Type
                  1    wreg      void 
 Registers used:
		wreg
 Tracked objects:
		On entry : 
		On exit  : 
		Unchanged: 
 Data sizes:     COMMON   BANK0   BANK1   BANK3   BANK2
      Params:         0       0       0       0       0
      Locals:         1       0       0       0       0
      Temps:          0       0       0       0       0
      Totals:         1       0       0       0       0
Total ram usage:        1 bytes
 Hardware stack levels used:    1
 This function calls:
		Nothing
 This function is called by:
		_Lcd_SP_port
 This function uses a non-reentrant model


 *************** function _ADC_Init *****************
 Defined at:
		line 2 in file "ADC.h"
 Parameters:    Size  Location     Type
		None
 Auto vars:     Size  Location     Type
		None
 Return value:  Size  Location     Type
                  1    wreg      void 
 Registers used:
		wreg, status,2
 Tracked objects:
		On entry : 
		On exit  : 
		Unchanged: 
 Data sizes:     COMMON   BANK0   BANK1   BANK3   BANK2
      Params:         0       0       0       0       0
      Locals:         0       0       0       0       0
      Temps:          2       0       0       0       0
      Totals:         2       0       0       0       0
Total ram usage:        2 bytes
 Hardware stack levels used:    1
 This function calls:
		Nothing
 This function is called by:
		_main
 This function uses a non-reentrant model


 *************** function _ADC_Conv *****************
 Defined at:
		line 20 in file "ADC.h"
 Parameters:    Size  Location     Type
		None
 Auto vars:     Size  Location     Type
		None
 Return value:  Size  Location     Type
                  2    0[COMMON] int 
 Registers used:
		wreg
 Tracked objects:
		On entry : 
		On exit  : 
		Unchanged: 
 Data sizes:     COMMON   BANK0   BANK1   BANK3   BANK2
      Params:         2       0       0       0       0
      Locals:         0       0       0       0       0
      Temps:          0       0       0       0       0
      Totals:         2       0       0       0       0
Total ram usage:        2 bytes
 Hardware stack levels used:    1
 This function calls:
		Nothing
 This function is called by:
		_main
 This function uses a non-reentrant model



MODULE INFORMATION

Module		Function		Class		Link	Load	Size
LCD_SP.h
		_Lcd_SP_Set_Cursor		CODE           	0626	0000	43
		_spi_port      		CODE           	04F0	0000	12
		_SPI_Init      		CODE           	0512	0000	13
		_Lcd_SP_Cmd    		CODE           	0576	0000	35
		_Lcd_SP_Init   		CODE           	06EE	0000	126
		_Lcd_SP_port   		CODE           	051E	0000	25
		_Lcd_SP_Clear  		CODE           	04FB	0000	12
		_Lcd_SP_Write_Val		CODE           	068C	0000	99
		_Lcd_SP_Write_String		CODE           	0598	0000	35
		_Lcd_SP_Write_Char		CODE           	05FE	0000	41

LCD_SP.h estimated size: 441

PWM_1.h
		_PWM_Duty      		CODE           	0536	0000	32
		_PWM2_off      		CODE           	04DF	0000	6
		_PWM1_on       		CODE           	04E9	0000	8
		_PWM1_Duty     		CODE           	05BA	0000	35
		_PWM2_on       		CODE           	04E4	0000	6
		_PWM2_Duty     		CODE           	05DC	0000	35
		_PWM_Init      		CODE           	0650	0000	61

PWM_1.h estimated size: 183

shared
		__stringtab    		STRING         	0003	0000	7
		__initialization		CODE           	07FC	0000	1

shared estimated size: 8

ADC.h
		_ADC_Conv      		CODE           	0506	0000	13
		_ADC_Init      		CODE           	0555	0000	34

ADC.h estimated size: 47

main.c
		_main          		CODE           	076B	0000	146

main.c estimated size: 146

